
════════════════════════════════════════════════════════════════
  SESSION 15-18 DEPLOYMENT - VALIDATION
════════════════════════════════════════════════════════════════
[2026-03-30 20:35:38] [INFO] Source: /home/beta/public_html (beta)
[2026-03-30 20:35:38] [INFO] Target: /home/technadminy7/public_html (production)
[2026-03-30 20:35:38] [INFO] Dry Run: false
[2026-03-30 20:35:38] [INFO] Validation passed

════════════════════════════════════════════════════════════════
  SESSION 15: Yalidine Parcel Grid API Integration
════════════════════════════════════════════════════════════════

════════════════════════════════════════════════════════════════
  SESSION 16: Firebase Social Login SDK Refactor
════════════════════════════════════════════════════════════════

════════════════════════════════════════════════════════════════
  SESSION 17: Production Readiness Tools
════════════════════════════════════════════════════════════════

════════════════════════════════════════════════════════════════
  SESSION 18: Monitoring & Health Check Tools
════════════════════════════════════════════════════════════════

════════════════════════════════════════════════════════════════
  POST-DEPLOYMENT TASKS
════════════════════════════════════════════════════════════════

════════════════════════════════════════════════════════════════
  STARTING DEPLOYMENT
════════════════════════════════════════════════════════════════
[2026-03-30 20:35:38] [INFO] Deploying Session 15 changes...
[2026-03-30 20:35:38] [INFO] ✓ Deployed: app/code/Mab/YalidineCarrier/Ui/DataProvider/ParcelApiDataProvider.php
[2026-03-30 20:35:38] [INFO] ✓ Deployed: app/code/Mab/YalidineCarrier/etc/di.xml
[2026-03-30 20:35:38] [INFO] ✓ Deployed: app/code/Mab/YalidineCarrier/view/adminhtml/ui_component/yalidinecarrier_parcel_listing.xml
[2026-03-30 20:35:38] [INFO] Session 15 deployment complete
[2026-03-30 20:35:38] [INFO] Deploying Session 16 changes...
[2026-03-30 20:35:38] [INFO] ✓ Deployed: app/code/MiniOrange/FB/view/frontend/requirejs-config.js
[2026-03-30 20:35:38] [INFO] ✓ Deployed: app/code/MiniOrange/FB/view/frontend/web/js/firebase-loader.js
[2026-03-30 20:35:38] [INFO] ✓ Deployed: app/code/MiniOrange/FB/view/frontend/web/js/firebase-social-login.js
[2026-03-30 20:35:38] [INFO] Session 16 deployment complete
[2026-03-30 20:35:38] [INFO] Deploying Session 17 changes...
[2026-03-30 20:35:38] [INFO] ✓ Deployed: app/code/Mab/YalidineCarrier/Model/YalidineApi.php
[2026-03-30 20:35:38] [INFO] ✓ Deployed: app/code/Mab/YalidineCarrier/etc/adminhtml/system.xml
[2026-03-30 20:35:38] [INFO] ✓ Deployed: app/code/Mab/YalidineCarrier/etc/config.xml
[2026-03-30 20:35:38] [INFO] ✓ Deployed: deploy.sh
[2026-03-30 20:35:38] [INFO] ✓ Deployed: monitor-cache.sh
[2026-03-30 20:35:38] [INFO] ✓ Deployed: health-check.sh
[2026-03-30 20:35:38] [INFO] Session 17 deployment complete
[2026-03-30 20:35:38] [INFO] Session 18 tools already deployed in Session 17
[2026-03-30 20:35:38] [INFO] Session 18 deployment complete
[2026-03-30 20:35:38] [INFO] Running post-deployment tasks...
[2026-03-30 20:35:38] [INFO] Clearing cache...
[2026-03-30 20:35:43] [INFO] Running Magento setup:upgrade...
/home/technadminy7/.bashrc: line 13: ulimit: max memory size: cannot modify limit: Operation not permitted
/home/technadminy7/.bashrc: line 15: ulimit: open files: cannot modify limit: Operation not permitted
Cache types config flushed successfully
Cache cleared successfully
File system cleanup:
/home/technadminy7/public_html/generated/code/Amasty
/home/technadminy7/public_html/generated/code/Composer
/home/technadminy7/public_html/generated/code/Magento
/home/technadminy7/public_html/generated/code/Mirasvit
/home/technadminy7/public_html/generated/code/Psr
/home/technadminy7/public_html/generated/code/Sm
/home/technadminy7/public_html/generated/code/Symfony
/home/technadminy7/public_html/generated/code/Tawk
/home/technadminy7/public_html/generated/code/Xtento
/home/technadminy7/public_html/generated/metadata/adminhtml.php
/home/technadminy7/public_html/generated/metadata/app_action_list.php
/home/technadminy7/public_html/generated/metadata/crontab.php
/home/technadminy7/public_html/generated/metadata/frontend.php
/home/technadminy7/public_html/generated/metadata/global.php
/home/technadminy7/public_html/generated/metadata/interception.php
/home/technadminy7/public_html/generated/metadata/primary|global|adminhtml|plugin-list.php
/home/technadminy7/public_html/generated/metadata/primary|global|crontab|plugin-list.php
/home/technadminy7/public_html/generated/metadata/primary|global|frontend|plugin-list.php
/home/technadminy7/public_html/generated/metadata/primary|global|plugin-list.php
/home/technadminy7/public_html/generated/metadata/primary|global|webapi_rest|plugin-list.php
/home/technadminy7/public_html/generated/metadata/primary|global|webapi_soap|plugin-list.php
/home/technadminy7/public_html/generated/metadata/webapi_rest.php
/home/technadminy7/public_html/generated/metadata/webapi_soap.php
/home/technadminy7/public_html/pub/static/_cache
/home/technadminy7/public_html/pub/static/adminhtml
/home/technadminy7/public_html/pub/static/deployed_version.txt
/home/technadminy7/public_html/pub/static/frontend
Updating modules:
Cache cleared successfully
Schema creation/updates:
Module 'Magento_Store':
Module 'Magento_Config':
Module 'Magento_AdminAnalytics':
Module 'Magento_AdminNotification':
Module 'Magento_MediaGallery':
Module 'Magento_Directory':
Module 'Magento_AdvancedPricingImportExport':
Module 'Magento_Theme':
Module 'Magento_Amqp':
Module 'Magento_Backend':
Module 'Magento_User':
Module 'Magento_Authorization':
Module 'Magento_Eav':
Module 'Magento_Customer':
Module 'Magento_Backup':
Module 'Magento_Indexer':
Module 'Magento_BundleImportExport':
Module 'Magento_CacheInvalidate':
Module 'Magento_Variable':
Module 'Magento_Cms':
Module 'Magento_Rule':
Module 'Magento_Security':
Module 'Magento_Search':
Module 'Magento_CatalogImportExport':
Module 'Magento_Catalog':
Module 'Magento_CatalogInventory':
Module 'Magento_CatalogPageBuilderAnalytics':
Module 'Magento_CatalogRule':
Module 'Magento_Msrp':
Module 'Magento_CatalogSearch':
Module 'Magento_CatalogUrlRewrite':
Module 'Magento_MediaStorage':
Module 'Magento_Quote':
Module 'Magento_SalesSequence':
Module 'Magento_MediaGalleryUi':
Module 'Magento_CmsPageBuilderAnalytics':
Module 'Magento_CmsUrlRewrite':
Module 'Magento_CompareListGraphQl':
Module 'Magento_Integration':
Module 'Magento_Payment':
Module 'Magento_Sales':
Module 'Magento_Checkout':
Module 'Magento_Contact':
Module 'Magento_Cookie':
Module 'Magento_Cron':
Module 'Magento_Widget':
Module 'Magento_Robots':
Module 'Magento_Analytics':
Module 'Magento_Downloadable':
Module 'Magento_CustomerImportExport':
Module 'Magento_Deploy':
Module 'Magento_Developer':
Module 'Magento_AdvancedSearch':
Module 'Magento_ImportExport':
Module 'Magento_Bundle':
Module 'Magento_Elasticsearch':
Module 'Magento_Elasticsearch7':
Module 'Magento_Email':
Module 'Magento_EncryptionKey':
Module 'Magento_GiftMessage':
Module 'Magento_GoogleAdwords':
Module 'Magento_GoogleAnalytics':
Module 'Magento_GoogleGtag':
Module 'Magento_Ui':
Module 'Magento_PageCache':
Module 'Magento_GroupedProduct':
Module 'Magento_GroupedImportExport':
Module 'Magento_GroupedCatalogInventory':
Module 'Magento_DownloadableImportExport':
Module 'Magento_Captcha':
Module 'Magento_InstantPurchase':
Module 'Magento_Inventory':
Module 'Magento_InventoryAdminUi':
Module 'Magento_InventoryAdvancedCheckout':
Module 'Magento_InventoryApi':
Module 'Magento_InventoryBundleImportExport':
Module 'Magento_InventoryBundleProduct':
Module 'Magento_InventoryBundleProductAdminUi':
Module 'Magento_InventoryBundleProductIndexer':
Module 'Magento_InventoryCatalog':
Module 'Magento_InventorySales':
Module 'Magento_InventoryCatalogAdminUi':
Module 'Magento_InventoryCatalogApi':
Module 'Magento_InventoryCatalogFrontendUi':
Module 'Magento_InventoryCatalogSearch':
Module 'Magento_InventoryCatalogSearchBundleProduct':
Module 'Magento_InventoryCatalogSearchConfigurableProduct':
Module 'Magento_ConfigurableProduct':
Module 'Magento_InventoryConfigurableProduct':
Module 'Magento_InventoryConfigurableProductIndexer':
Module 'Magento_InventoryConfiguration':
Module 'Magento_InventoryConfigurationApi':
Module 'Magento_InventoryDistanceBasedSourceSelection':
Module 'Magento_InventoryDistanceBasedSourceSelectionAdminUi':
Module 'Magento_InventoryDistanceBasedSourceSelectionApi':
Module 'Magento_InventoryElasticsearch':
Module 'Magento_InventoryExportStockApi':
Module 'Magento_InventoryIndexer':
Module 'Magento_InventorySalesApi':
Module 'Magento_InventoryGroupedProduct':
Module 'Magento_InventoryGroupedProductAdminUi':
Module 'Magento_InventoryGroupedProductIndexer':
Module 'Magento_InventoryImportExport':
Module 'Magento_InventoryInStorePickupApi':
Module 'Magento_InventoryInStorePickupAdminUi':
Module 'Magento_InventorySourceSelectionApi':
Module 'Magento_InventoryInStorePickup':
Module 'Magento_Shipping':
Module 'Magento_InventoryInStorePickupShippingApi':
Module 'Magento_InventoryInStorePickupSales':
Module 'Magento_InventoryInStorePickupSalesApi':
Module 'Magento_InventoryInStorePickupQuote':
Module 'Magento_InventoryInStorePickupShipping':
Module 'Magento_InventoryInStorePickupShippingAdminUi':
Module 'Magento_Multishipping':
Module 'Magento_Webapi':
Module 'Magento_InventoryCache':
Module 'Magento_InventoryLowQuantityNotification':
Module 'Magento_Reports':
Module 'Magento_InventoryLowQuantityNotificationApi':
Module 'Magento_InventoryMultiDimensionalIndexerApi':
Module 'Magento_InventoryProductAlert':
Module 'Magento_InventoryQuoteGraphQl':
Module 'Magento_InventoryRequisitionList':
Module 'Magento_InventoryReservations':
Module 'Magento_InventoryReservationCli':
Module 'Magento_InventoryReservationsApi':
Module 'Magento_InventoryExportStock':
Module 'Magento_InventorySalesAdminUi':
Module 'Magento_InventorySalesAsyncOrder':
Module 'Magento_InventorySalesFrontendUi':
Module 'Magento_InventorySetupFixtureGenerator':
Module 'Magento_InventoryShipping':
Module 'Magento_InventoryShippingAdminUi':
Module 'Magento_InventorySourceDeductionApi':
Module 'Magento_InventorySourceSelection':
Module 'Magento_InventoryInStorePickupFrontend':
Module 'Magento_InventorySwatchesFrontendUi':
Module 'Magento_InventoryVisualMerchandiser':
Module 'Magento_InventoryWishlist':
Module 'Magento_JwtFrameworkAdapter':
Module 'Magento_JwtUserToken':
Module 'Magento_LayeredNavigation':
Module 'Magento_LoginAsCustomer':
Module 'Magento_LoginAsCustomerAdminUi':
Module 'Magento_LoginAsCustomerApi':
Module 'Magento_LoginAsCustomerAssistance':
Module 'Magento_LoginAsCustomerFrontendUi':
Module 'Magento_LoginAsCustomerGraphQl':
Module 'Magento_LoginAsCustomerLog':
Module 'Magento_LoginAsCustomerPageCache':
Module 'Magento_LoginAsCustomerQuote':
Module 'Magento_LoginAsCustomerSales':
Module 'Magento_MediaContent':
Module 'Magento_MediaContentApi':
Module 'Magento_MediaContentCatalog':
Module 'Magento_MediaContentCms':
Module 'Magento_MediaContentSynchronization':
Module 'Magento_MediaContentSynchronizationApi':
Module 'Magento_MediaContentSynchronizationCatalog':
Module 'Magento_MediaContentSynchronizationCms':
Module 'Magento_MediaGalleryApi':
Module 'Magento_MediaGalleryCatalog':
Module 'Magento_MediaGalleryCatalogIntegration':
Module 'Magento_MediaGalleryCatalogUi':
Module 'Magento_MediaGalleryCmsUi':
Module 'Magento_MediaGalleryIntegration':
Module 'Magento_MediaGalleryMetadata':
Module 'Magento_MediaGalleryMetadataApi':
Module 'Magento_MediaGalleryRenditions':
Module 'Magento_MediaGalleryRenditionsApi':
Module 'Magento_MediaGallerySynchronization':
Module 'Magento_MediaGallerySynchronizationApi':
Module 'Magento_MediaGallerySynchronizationMetadata':
Module 'Magento_MediaGalleryUiApi':
Module 'Magento_CatalogWidget':
Module 'Magento_MessageQueue':
Module 'Magento_ConfigurableImportExport':
Module 'Magento_MsrpConfigurableProduct':
Module 'Magento_MsrpGroupedProduct':
Module 'Magento_InventoryInStorePickupMultishipping':
Module 'Magento_MysqlMq':
Module 'Magento_Newsletter':
Module 'Magento_OfflinePayments':
Module 'Magento_SalesRule':
Module 'Magento_Sitemap':
Module 'Magento_PageBuilder':
Module 'Magento_PageBuilderAnalytics':
Module 'Magento_PaymentGraphQl':
Module 'Magento_Vault':
Module 'Magento_Persistent':
Module 'Magento_ProductAlert':
Module 'Magento_ProductVideo':
Module 'Magento_CheckoutAgreements':
Module 'Magento_QuoteBundleOptions':
Module 'Magento_QuoteConfigurableOptions':
Module 'Magento_QuoteDownloadableLinks':
Module 'Magento_InventoryConfigurableProductAdminUi':
Module 'Magento_ReCaptchaAdminUi':
Module 'Magento_ReCaptchaCheckout':
Module 'Magento_ReCaptchaCheckoutSalesRule':
Module 'Magento_ReCaptchaContact':
Module 'Magento_ReCaptchaCustomer':
Module 'Magento_ReCaptchaFrontendUi':
Module 'Magento_ReCaptchaMigration':
Module 'Magento_ReCaptchaNewsletter':
Module 'Magento_ReCaptchaReview':
Module 'Magento_ReCaptchaSendFriend':
Module 'Magento_ReCaptchaStorePickup':
Module 'Magento_ReCaptchaUi':
Module 'Magento_ReCaptchaUser':
Module 'Magento_ReCaptchaValidation':
Module 'Magento_ReCaptchaValidationApi':
Module 'Magento_ReCaptchaVersion2Checkbox':
Module 'Magento_ReCaptchaVersion2Invisible':
Module 'Magento_ReCaptchaVersion3Invisible':
Module 'Magento_ReCaptchaWebapiApi':
Module 'Magento_ReCaptchaWebapiGraphQl':
Module 'Magento_ReCaptchaWebapiRest':
Module 'Magento_ReCaptchaWebapiUi':
Module 'Magento_ReleaseNotification':
Module 'Magento_RemoteStorage':
Module 'Magento_InventoryLowQuantityNotificationAdminUi':
Module 'Magento_RequireJs':
Module 'Magento_Review':
Module 'Magento_Rss':
Module 'Magento_PageBuilderAdminAnalytics':
Module 'Magento_CatalogRuleConfigurable':
Module 'Magento_SalesAnalytics':
Module 'Magento_SalesInventory':
Module 'Magento_OfflineShipping':
Module 'Magento_ConfigurableProductSales':
Module 'Magento_UrlRewrite':
Module 'Magento_CustomerAnalytics':
Module 'Magento_Securitytxt':
Module 'Magento_InventoryInStorePickupSalesAdminUi':
Module 'Magento_AwsS3PageBuilder':
Module 'Magento_Swatches':
Module 'Magento_SwatchesLayeredNavigation':
Module 'Magento_Tax':
Module 'Magento_Translation':
Module 'Magento_GoogleOptimizer':
Module 'Magento_AsynchronousOperations':
Module 'Magento_InventoryConfigurableProductFrontendUi':
Module 'Magento_Version':
Module 'Magento_InventoryInStorePickupWebapiExtension':
Module 'Magento_WebapiAsync':
Module 'Magento_WebapiSecurity':
Module 'Magento_Weee':
Module 'Magento_WeeeGraphQl':
Module 'Magento_CurrencySymbol':
Module 'Magento_Wishlist':
Module 'Magento_WishlistAnalytics':
Module 'Amasty_AdminActionsLog':
Module 'Amasty_AdvancedMSI':
Module 'Amasty_Amp':
Module 'Amasty_Base':
Module 'Amasty_BannersLite':
Module 'Amasty_BannerSlider':
Module 'Amasty_Blog':
Module 'Amasty_ReportBuilder':
Module 'Amasty_CancelOrder':
Module 'Amasty_Geoip':
Module 'Amasty_Conditions':
Module 'Amasty_CommonRules':
Module 'Amasty_Conf':
Module 'Amasty_CronSchedule':
Module 'Amasty_CronScheduleList':
Module 'Amasty_CronScheduler':
Module 'Amasty_CustomButton':
Module 'Amasty_CustomFormsLite':
Module 'Amasty_PromoCountdown':
Module 'Amasty_Customform':
Module 'Amasty_EmailUnsubscribe':
Module 'Amasty_ImportExportCore':
Module 'Amasty_ExportCore':
Module 'Amasty_Flags':
Module 'Amasty_GiftCard':
Module 'Amasty_GiftCardAccount':
Module 'Amasty_GiftCardPro':
Module 'Amasty_GiftCardProFunctionality':
Module 'Amasty_GoogleAccountLogin':
Module 'Amasty_GoogleAddressAutocomplete':
Module 'Amasty_GroupAssign':
Module 'Amasty_Groupcat':
Module 'Amasty_ImportCore':
Module 'Amasty_ExportPro':
Module 'Amasty_ImportPro':
Module 'Amasty_InventoryExportEntity':
Module 'Amasty_InvisibleCaptcha':
Module 'Amasty_Label':
Module 'Amasty_LabelCacheCleanerForQtyVariable':
Module 'Amasty_Number':
Module 'Amasty_Oaction':
Module 'Amasty_Perm':
Module 'Amasty_OrderExportEntity':
Module 'Amasty_OrderImportEntity':
Module 'Amasty_OrderImport':
Module 'Amasty_OrderStatus':
Module 'Amasty_Orderarchive':
Module 'Amasty_Orderattr':
Module 'Amasty_Payrestriction':
Module 'Amasty_Ogrid':
Module 'Amasty_Pgrid':
Module 'Amasty_Preorder':
Module 'Amasty_ProductStatusPremium':
Module 'Amasty_Promo':
Module 'Amasty_PromoBanners':
Module 'Amasty_PromoBannersProPackage':
Module 'Amasty_Reindex':
Module 'Amasty_BlogProToBuilder':
Module 'Amasty_Reports':
Module 'Amasty_ReportsLite':
Module 'Amasty_RequestQuote':
Module 'Amasty_Rgrid':
Module 'Amasty_Rules':
Module 'Amasty_RulesPro':
Module 'Amasty_SalesRuleWizard':
Module 'Amasty_SecurityAuth':
Module 'Amasty_SeoHtmlSitemap':
Module 'Amasty_SeoSingleUrl':
Module 'Amasty_SeoToolkitLite':
Module 'Amasty_ShippingArea':
Module 'Amasty_ShippingBar':
Module 'Amasty_ShippingSuitePro':
Module 'Amasty_ShippingTableRates':
Module 'Amasty_Shiprestriction':
Module 'Amasty_Shiprules':
Module 'Amasty_CustomStockStatusTimer':
Module 'Amasty_StoreCredit':
Module 'Amasty_Storelocator':
Module 'Amasty_StorePickupWithLocator':
Module 'Amasty_StorelocatorIndexer':
Module 'Amasty_ThankYouPage':
Module 'Amasty_Xnotif':
Module 'Compat_AmastyRequestQuote':
Module 'Compat_CspShim':
Module 'Compat_UrlBuilderFix':
Module 'Custom_ConfigurableFix':
Module 'Mageplaza_Core':
Module 'Mab_AlgeriaProducts':
Module 'Mageplaza_TableRateShipping':
Module 'Mab_Core':
Module 'Mab_DeliveryOptions':
Module 'Mab_ElasticsearchFix':
Module 'Mab_GuestFix':
Module 'Mab_License':
Module 'Mab_SourceSelector':
Module 'Mab_Theme':
Module 'Mab_VisualEffects':
Module 'MageWorx_Info':
Module 'MageWorx_OrdersBase':
Module 'MageWorx_OrderEditor':
Module 'MageWorx_OrdersGrid':
Module 'Magefan_Community':
Module 'Magefan_BlogGraphQl':
Module 'Magefan_AdminUserGuide':
Module 'Magefan_RocketJavaScript':
Module 'Magefan_SpeedOptimization':
Module 'Magefan_WysiwygAdvanced':
Module 'Mab_CheckoutCustomization':
Module 'Mirasvit_Core':
Module 'Mirasvit_Report':
Module 'Mirasvit_Rma':
Module 'Sm_AttributesSearch':
Module 'Sm_AutoCompleteSearch':
Module 'Sm_BackEnd':
Module 'Sm_BundleImage':
Module 'Sm_CartQuickPro':
Module 'Sm_Categories':
Module 'Sm_DegreeView':
Module 'Sm_FilterProducts':
Module 'Sm_ListingTabs':
Module 'Sm_Market':
Module 'Sm_MegaMenu':
Module 'Sm_SearchBox':
Module 'Sm_ShopBy':
Module 'Sm_SizeChart':
Module 'Sm_Themecore':
Module 'Tawk_Widget':
Module 'Xtento_PdfCustomizer':
Module 'Xtento_XtCore':
Module 'Yireo_GoogleTagManager2':
Schema post-updates:
Module 'Magento_Store':
Module 'Magento_Config':
Module 'Magento_AdminAnalytics':
Module 'Magento_AdminNotification':
Module 'Magento_MediaGallery':
Module 'Magento_Directory':
Module 'Magento_AdvancedPricingImportExport':
Module 'Magento_Theme':
Module 'Magento_Amqp':
Running schema recurring...
Module 'Magento_Backend':
Module 'Magento_User':
Module 'Magento_Authorization':
Module 'Magento_Eav':
Module 'Magento_Customer':
Module 'Magento_Backup':
Module 'Magento_Indexer':
Running schema recurring...
Module 'Magento_BundleImportExport':
Module 'Magento_CacheInvalidate':
Module 'Magento_Variable':
Module 'Magento_Cms':
Module 'Magento_Rule':
Module 'Magento_Security':
Module 'Magento_Search':
Module 'Magento_CatalogImportExport':
Module 'Magento_Catalog':
Running schema recurring...
Module 'Magento_CatalogInventory':
Running schema recurring...
Module 'Magento_CatalogPageBuilderAnalytics':
Module 'Magento_CatalogRule':
Module 'Magento_Msrp':
Module 'Magento_CatalogSearch':
Module 'Magento_CatalogUrlRewrite':
Running schema recurring...
Module 'Magento_MediaStorage':
Module 'Magento_Quote':
Module 'Magento_SalesSequence':
Running schema recurring...
Module 'Magento_MediaGalleryUi':
Module 'Magento_CmsPageBuilderAnalytics':
Module 'Magento_CmsUrlRewrite':
Module 'Magento_CompareListGraphQl':
Module 'Magento_Integration':
Running schema recurring...
Module 'Magento_Payment':
Module 'Magento_Sales':
Module 'Magento_Checkout':
Module 'Magento_Contact':
Module 'Magento_Cookie':
Module 'Magento_Cron':
Running schema recurring...
Module 'Magento_Widget':
Module 'Magento_Robots':
Module 'Magento_Analytics':
Module 'Magento_Downloadable':
Module 'Magento_CustomerImportExport':
Module 'Magento_Deploy':
Module 'Magento_Developer':
Module 'Magento_AdvancedSearch':
Module 'Magento_ImportExport':
Module 'Magento_Bundle':
Running schema recurring...
Module 'Magento_Elasticsearch':
Module 'Magento_Elasticsearch7':
Module 'Magento_Email':
Module 'Magento_EncryptionKey':
Module 'Magento_GiftMessage':
Module 'Magento_GoogleAdwords':
Module 'Magento_GoogleAnalytics':
Module 'Magento_GoogleGtag':
Module 'Magento_Ui':
Module 'Magento_PageCache':
Module 'Magento_GroupedProduct':
Module 'Magento_GroupedImportExport':
Module 'Magento_GroupedCatalogInventory':
Module 'Magento_DownloadableImportExport':
Module 'Magento_Captcha':
Module 'Magento_InstantPurchase':
Module 'Magento_Inventory':
Module 'Magento_InventoryAdminUi':
Module 'Magento_InventoryAdvancedCheckout':
Module 'Magento_InventoryApi':
Module 'Magento_InventoryBundleImportExport':
Module 'Magento_InventoryBundleProduct':
Module 'Magento_InventoryBundleProductAdminUi':
Module 'Magento_InventoryBundleProductIndexer':
Module 'Magento_InventoryCatalog':
Module 'Magento_InventorySales':
Module 'Magento_InventoryCatalogAdminUi':
Module 'Magento_InventoryCatalogApi':
Module 'Magento_InventoryCatalogFrontendUi':
Module 'Magento_InventoryCatalogSearch':
Module 'Magento_InventoryCatalogSearchBundleProduct':
Module 'Magento_InventoryCatalogSearchConfigurableProduct':
Module 'Magento_ConfigurableProduct':
Running schema recurring...
Module 'Magento_InventoryConfigurableProduct':
Module 'Magento_InventoryConfigurableProductIndexer':
Module 'Magento_InventoryConfiguration':
Module 'Magento_InventoryConfigurationApi':
Module 'Magento_InventoryDistanceBasedSourceSelection':
Module 'Magento_InventoryDistanceBasedSourceSelectionAdminUi':
Module 'Magento_InventoryDistanceBasedSourceSelectionApi':
Module 'Magento_InventoryElasticsearch':
Module 'Magento_InventoryExportStockApi':
Module 'Magento_InventoryIndexer':
Module 'Magento_InventorySalesApi':
Module 'Magento_InventoryGroupedProduct':
Module 'Magento_InventoryGroupedProductAdminUi':
Module 'Magento_InventoryGroupedProductIndexer':
Module 'Magento_InventoryImportExport':
Module 'Magento_InventoryInStorePickupApi':
Module 'Magento_InventoryInStorePickupAdminUi':
Module 'Magento_InventorySourceSelectionApi':
Module 'Magento_InventoryInStorePickup':
Module 'Magento_Shipping':
Module 'Magento_InventoryInStorePickupShippingApi':
Module 'Magento_InventoryInStorePickupSales':
Module 'Magento_InventoryInStorePickupSalesApi':
Module 'Magento_InventoryInStorePickupQuote':
Module 'Magento_InventoryInStorePickupShipping':
Module 'Magento_InventoryInStorePickupShippingAdminUi':
Module 'Magento_Multishipping':
Module 'Magento_Webapi':
Module 'Magento_InventoryCache':
Module 'Magento_InventoryLowQuantityNotification':
Module 'Magento_Reports':
Running schema recurring...
Module 'Magento_InventoryLowQuantityNotificationApi':
Module 'Magento_InventoryMultiDimensionalIndexerApi':
Module 'Magento_InventoryProductAlert':
Module 'Magento_InventoryQuoteGraphQl':
Module 'Magento_InventoryRequisitionList':
Module 'Magento_InventoryReservations':
Module 'Magento_InventoryReservationCli':
Module 'Magento_InventoryReservationsApi':
Module 'Magento_InventoryExportStock':
Module 'Magento_InventorySalesAdminUi':
Module 'Magento_InventorySalesAsyncOrder':
Module 'Magento_InventorySalesFrontendUi':
Module 'Magento_InventorySetupFixtureGenerator':
Module 'Magento_InventoryShipping':
Module 'Magento_InventoryShippingAdminUi':
Module 'Magento_InventorySourceDeductionApi':
Module 'Magento_InventorySourceSelection':
Module 'Magento_InventoryInStorePickupFrontend':
Module 'Magento_InventorySwatchesFrontendUi':
Module 'Magento_InventoryVisualMerchandiser':
Module 'Magento_InventoryWishlist':
Module 'Magento_JwtFrameworkAdapter':
Module 'Magento_JwtUserToken':
Module 'Magento_LayeredNavigation':
Module 'Magento_LoginAsCustomer':
Module 'Magento_LoginAsCustomerAdminUi':
Module 'Magento_LoginAsCustomerApi':
Module 'Magento_LoginAsCustomerAssistance':
Module 'Magento_LoginAsCustomerFrontendUi':
Module 'Magento_LoginAsCustomerGraphQl':
Module 'Magento_LoginAsCustomerLog':
Module 'Magento_LoginAsCustomerPageCache':
Module 'Magento_LoginAsCustomerQuote':
Module 'Magento_LoginAsCustomerSales':
Module 'Magento_MediaContent':
Module 'Magento_MediaContentApi':
Module 'Magento_MediaContentCatalog':
Module 'Magento_MediaContentCms':
Module 'Magento_MediaContentSynchronization':
Module 'Magento_MediaContentSynchronizationApi':
Module 'Magento_MediaContentSynchronizationCatalog':
Module 'Magento_MediaContentSynchronizationCms':
Module 'Magento_MediaGalleryApi':
Module 'Magento_MediaGalleryCatalog':
Module 'Magento_MediaGalleryCatalogIntegration':
Module 'Magento_MediaGalleryCatalogUi':
Module 'Magento_MediaGalleryCmsUi':
Module 'Magento_MediaGalleryIntegration':
Module 'Magento_MediaGalleryMetadata':
Module 'Magento_MediaGalleryMetadataApi':
Module 'Magento_MediaGalleryRenditions':
Module 'Magento_MediaGalleryRenditionsApi':
Module 'Magento_MediaGallerySynchronization':
Module 'Magento_MediaGallerySynchronizationApi':
Module 'Magento_MediaGallerySynchronizationMetadata':
Module 'Magento_MediaGalleryUiApi':
Module 'Magento_CatalogWidget':
Module 'Magento_MessageQueue':
Running schema recurring...
Module 'Magento_ConfigurableImportExport':
Module 'Magento_MsrpConfigurableProduct':
Module 'Magento_MsrpGroupedProduct':
Module 'Magento_InventoryInStorePickupMultishipping':
Module 'Magento_MysqlMq':
Running schema recurring...
Module 'Magento_Newsletter':
Module 'Magento_OfflinePayments':
Module 'Magento_SalesRule':
Module 'Magento_Sitemap':
Module 'Magento_PageBuilder':
Module 'Magento_PageBuilderAnalytics':
Module 'Magento_PaymentGraphQl':
Module 'Magento_Vault':
Module 'Magento_Persistent':
Module 'Magento_ProductAlert':
Running schema recurring...
Module 'Magento_ProductVideo':
Module 'Magento_CheckoutAgreements':
Module 'Magento_QuoteBundleOptions':
Module 'Magento_QuoteConfigurableOptions':
Module 'Magento_QuoteDownloadableLinks':
Module 'Magento_InventoryConfigurableProductAdminUi':
Module 'Magento_ReCaptchaAdminUi':
Module 'Magento_ReCaptchaCheckout':
Module 'Magento_ReCaptchaCheckoutSalesRule':
Module 'Magento_ReCaptchaContact':
Module 'Magento_ReCaptchaCustomer':
Module 'Magento_ReCaptchaFrontendUi':
Module 'Magento_ReCaptchaMigration':
Module 'Magento_ReCaptchaNewsletter':
Module 'Magento_ReCaptchaReview':
Module 'Magento_ReCaptchaSendFriend':
Module 'Magento_ReCaptchaStorePickup':
Module 'Magento_ReCaptchaUi':
Module 'Magento_ReCaptchaUser':
Module 'Magento_ReCaptchaValidation':
Module 'Magento_ReCaptchaValidationApi':
Module 'Magento_ReCaptchaVersion2Checkbox':
Module 'Magento_ReCaptchaVersion2Invisible':
Module 'Magento_ReCaptchaVersion3Invisible':
Module 'Magento_ReCaptchaWebapiApi':
Module 'Magento_ReCaptchaWebapiGraphQl':
Module 'Magento_ReCaptchaWebapiRest':
Module 'Magento_ReCaptchaWebapiUi':
Module 'Magento_ReleaseNotification':
Module 'Magento_RemoteStorage':
Module 'Magento_InventoryLowQuantityNotificationAdminUi':
Module 'Magento_RequireJs':
Module 'Magento_Review':
Module 'Magento_Rss':
Module 'Magento_PageBuilderAdminAnalytics':
Module 'Magento_CatalogRuleConfigurable':
Module 'Magento_SalesAnalytics':
Module 'Magento_SalesInventory':
Module 'Magento_OfflineShipping':
Module 'Magento_ConfigurableProductSales':
Module 'Magento_UrlRewrite':
Module 'Magento_CustomerAnalytics':
Module 'Magento_Securitytxt':
Module 'Magento_InventoryInStorePickupSalesAdminUi':
Module 'Magento_AwsS3PageBuilder':
Module 'Magento_Swatches':
Module 'Magento_SwatchesLayeredNavigation':
Module 'Magento_Tax':
Module 'Magento_Translation':
Module 'Magento_GoogleOptimizer':
Module 'Magento_AsynchronousOperations':
Module 'Magento_InventoryConfigurableProductFrontendUi':
Module 'Magento_Version':
Module 'Magento_InventoryInStorePickupWebapiExtension':
Module 'Magento_WebapiAsync':
Module 'Magento_WebapiSecurity':
Module 'Magento_Weee':
Running schema recurring...
Module 'Magento_WeeeGraphQl':
Module 'Magento_CurrencySymbol':
Module 'Magento_Wishlist':
Running schema recurring...
Module 'Magento_WishlistAnalytics':
Module 'Amasty_AdminActionsLog':
Module 'Amasty_AdvancedMSI':
Module 'Amasty_Amp':
Module 'Amasty_Base':
Module 'Amasty_BannersLite':
Running schema recurring...
Module 'Amasty_BannerSlider':
Module 'Amasty_Blog':
Module 'Amasty_ReportBuilder':
Module 'Amasty_CancelOrder':
Module 'Amasty_Geoip':
Module 'Amasty_Conditions':
Module 'Amasty_CommonRules':
Module 'Amasty_Conf':
Module 'Amasty_CronSchedule':
Module 'Amasty_CronScheduleList':
Module 'Amasty_CronScheduler':
Module 'Amasty_CustomButton':
Module 'Amasty_CustomFormsLite':
Module 'Amasty_PromoCountdown':
Module 'Amasty_Customform':
Module 'Amasty_EmailUnsubscribe':
Module 'Amasty_ImportExportCore':
Module 'Amasty_ExportCore':
Module 'Amasty_Flags':
Module 'Amasty_GiftCard':
Module 'Amasty_GiftCardAccount':
Module 'Amasty_GiftCardPro':
Module 'Amasty_GiftCardProFunctionality':
Module 'Amasty_GoogleAccountLogin':
Module 'Amasty_GoogleAddressAutocomplete':
Module 'Amasty_GroupAssign':
Module 'Amasty_Groupcat':
Module 'Amasty_ImportCore':
Module 'Amasty_ExportPro':
Module 'Amasty_ImportPro':
Module 'Amasty_InventoryExportEntity':
Module 'Amasty_InvisibleCaptcha':
Module 'Amasty_Label':
Module 'Amasty_LabelCacheCleanerForQtyVariable':
Module 'Amasty_Number':
Module 'Amasty_Oaction':
Module 'Amasty_Perm':
Module 'Amasty_OrderExportEntity':
Module 'Amasty_OrderImportEntity':
Module 'Amasty_OrderImport':
Module 'Amasty_OrderStatus':
Module 'Amasty_Orderarchive':
Running schema recurring...
Module 'Amasty_Orderattr':
Module 'Amasty_Payrestriction':
Module 'Amasty_Ogrid':
Module 'Amasty_Pgrid':
Module 'Amasty_Preorder':
Module 'Amasty_ProductStatusPremium':
Module 'Amasty_Promo':
Running schema recurring...
Module 'Amasty_PromoBanners':
Module 'Amasty_PromoBannersProPackage':
Module 'Amasty_Reindex':
Module 'Amasty_BlogProToBuilder':
Module 'Amasty_Reports':
Module 'Amasty_ReportsLite':
Module 'Amasty_RequestQuote':
Module 'Amasty_Rgrid':
Module 'Amasty_Rules':
Module 'Amasty_RulesPro':
Module 'Amasty_SalesRuleWizard':
Module 'Amasty_SecurityAuth':
Module 'Amasty_SeoHtmlSitemap':
Module 'Amasty_SeoSingleUrl':
Module 'Amasty_SeoToolkitLite':
Module 'Amasty_ShippingArea':
Module 'Amasty_ShippingBar':
Module 'Amasty_ShippingSuitePro':
Module 'Amasty_ShippingTableRates':
Module 'Amasty_Shiprestriction':
Module 'Amasty_Shiprules':
Module 'Amasty_CustomStockStatusTimer':
Module 'Amasty_StoreCredit':
Module 'Amasty_Storelocator':
Module 'Amasty_StorePickupWithLocator':
Module 'Amasty_StorelocatorIndexer':
Module 'Amasty_ThankYouPage':
Module 'Amasty_Xnotif':
Module 'Compat_AmastyRequestQuote':
Module 'Compat_CspShim':
Module 'Compat_UrlBuilderFix':
Module 'Custom_ConfigurableFix':
Module 'Mageplaza_Core':
Module 'Mab_AlgeriaProducts':
Module 'Mageplaza_TableRateShipping':
Module 'Mab_Core':
Module 'Mab_DeliveryOptions':
Module 'Mab_ElasticsearchFix':
Module 'Mab_GuestFix':
Module 'Mab_License':
Module 'Mab_SourceSelector':
Module 'Mab_Theme':
Module 'Mab_VisualEffects':
Module 'MageWorx_Info':
Module 'MageWorx_OrdersBase':
Module 'MageWorx_OrderEditor':
Module 'MageWorx_OrdersGrid':
Module 'Magefan_Community':
Module 'Magefan_BlogGraphQl':
Module 'Magefan_AdminUserGuide':
Module 'Magefan_RocketJavaScript':
Module 'Magefan_SpeedOptimization':
Module 'Magefan_WysiwygAdvanced':
Module 'Mab_CheckoutCustomization':
Module 'Mirasvit_Core':
Module 'Mirasvit_Report':
Module 'Mirasvit_Rma':
Module 'Sm_AttributesSearch':
Module 'Sm_AutoCompleteSearch':
Module 'Sm_BackEnd':
Module 'Sm_BundleImage':
Module 'Sm_CartQuickPro':
Module 'Sm_Categories':
Module 'Sm_DegreeView':
Module 'Sm_FilterProducts':
Module 'Sm_ListingTabs':
Module 'Sm_Market':
Module 'Sm_MegaMenu':
Module 'Sm_SearchBox':
Module 'Sm_ShopBy':
Module 'Sm_SizeChart':
Module 'Sm_Themecore':
Module 'Tawk_Widget':
Module 'Xtento_PdfCustomizer':
Running schema recurring...
Module 'Xtento_XtCore':
Module 'Yireo_GoogleTagManager2':
Data install/update:
Disabling caches:
Current status:
layout: 0
block_html: 0
full_page: 0
Module 'Magento_Store':
Module 'Magento_Config':
Module 'Magento_AdminAnalytics':
Module 'Magento_AdminNotification':
Module 'Magento_MediaGallery':
Module 'Magento_Directory':
Module 'Magento_AdvancedPricingImportExport':
Module 'Magento_Theme':
Module 'Magento_Amqp':
Module 'Magento_Backend':
Module 'Magento_User':
Module 'Magento_Authorization':
Module 'Magento_Eav':
Module 'Magento_Customer':
Module 'Magento_Backup':
Module 'Magento_Indexer':
Module 'Magento_BundleImportExport':
Module 'Magento_CacheInvalidate':
Module 'Magento_Variable':
Module 'Magento_Cms':
Module 'Magento_Rule':
Module 'Magento_Security':
Module 'Magento_Search':
Module 'Magento_CatalogImportExport':
Module 'Magento_Catalog':
Module 'Magento_CatalogInventory':
Module 'Magento_CatalogPageBuilderAnalytics':
Module 'Magento_CatalogRule':
Module 'Magento_Msrp':
Module 'Magento_CatalogSearch':
Module 'Magento_CatalogUrlRewrite':
Module 'Magento_MediaStorage':
Module 'Magento_Quote':
Module 'Magento_SalesSequence':
Module 'Magento_MediaGalleryUi':
Module 'Magento_CmsPageBuilderAnalytics':
Module 'Magento_CmsUrlRewrite':
Module 'Magento_CompareListGraphQl':
Module 'Magento_Integration':
Module 'Magento_Payment':
Module 'Magento_Sales':
Module 'Magento_Checkout':
Module 'Magento_Contact':
Module 'Magento_Cookie':
Module 'Magento_Cron':
Module 'Magento_Widget':
Module 'Magento_Robots':
Module 'Magento_Analytics':
Module 'Magento_Downloadable':
Module 'Magento_CustomerImportExport':
Module 'Magento_Deploy':
Module 'Magento_Developer':
Module 'Magento_AdvancedSearch':
Module 'Magento_ImportExport':
Module 'Magento_Bundle':
Module 'Magento_Elasticsearch':
Module 'Magento_Elasticsearch7':
Module 'Magento_Email':
Module 'Magento_EncryptionKey':
Module 'Magento_GiftMessage':
Module 'Magento_GoogleAdwords':
Module 'Magento_GoogleAnalytics':
Module 'Magento_GoogleGtag':
Module 'Magento_Ui':
Module 'Magento_PageCache':
Module 'Magento_GroupedProduct':
Module 'Magento_GroupedImportExport':
Module 'Magento_GroupedCatalogInventory':
Module 'Magento_DownloadableImportExport':
Module 'Magento_Captcha':
Module 'Magento_InstantPurchase':
Module 'Magento_Inventory':
Module 'Magento_InventoryAdminUi':
Module 'Magento_InventoryAdvancedCheckout':
Module 'Magento_InventoryApi':
Module 'Magento_InventoryBundleImportExport':
Module 'Magento_InventoryBundleProduct':
Module 'Magento_InventoryBundleProductAdminUi':
Module 'Magento_InventoryBundleProductIndexer':
Module 'Magento_InventoryCatalog':
Module 'Magento_InventorySales':
Module 'Magento_InventoryCatalogAdminUi':
Module 'Magento_InventoryCatalogApi':
Module 'Magento_InventoryCatalogFrontendUi':
Module 'Magento_InventoryCatalogSearch':
Module 'Magento_InventoryCatalogSearchBundleProduct':
Module 'Magento_InventoryCatalogSearchConfigurableProduct':
Module 'Magento_ConfigurableProduct':
Module 'Magento_InventoryConfigurableProduct':
Module 'Magento_InventoryConfigurableProductIndexer':
Module 'Magento_InventoryConfiguration':
Module 'Magento_InventoryConfigurationApi':
Module 'Magento_InventoryDistanceBasedSourceSelection':
Module 'Magento_InventoryDistanceBasedSourceSelectionAdminUi':
Module 'Magento_InventoryDistanceBasedSourceSelectionApi':
Module 'Magento_InventoryElasticsearch':
Module 'Magento_InventoryExportStockApi':
Module 'Magento_InventoryIndexer':
Module 'Magento_InventorySalesApi':
Module 'Magento_InventoryGroupedProduct':
Module 'Magento_InventoryGroupedProductAdminUi':
Module 'Magento_InventoryGroupedProductIndexer':
Module 'Magento_InventoryImportExport':
Module 'Magento_InventoryInStorePickupApi':
Module 'Magento_InventoryInStorePickupAdminUi':
Module 'Magento_InventorySourceSelectionApi':
Module 'Magento_InventoryInStorePickup':
Module 'Magento_Shipping':
Module 'Magento_InventoryInStorePickupShippingApi':
Module 'Magento_InventoryInStorePickupSales':
Module 'Magento_InventoryInStorePickupSalesApi':
Module 'Magento_InventoryInStorePickupQuote':
Module 'Magento_InventoryInStorePickupShipping':
Module 'Magento_InventoryInStorePickupShippingAdminUi':
Module 'Magento_Multishipping':
Module 'Magento_Webapi':
Module 'Magento_InventoryCache':
Module 'Magento_InventoryLowQuantityNotification':
Module 'Magento_Reports':
Module 'Magento_InventoryLowQuantityNotificationApi':
Module 'Magento_InventoryMultiDimensionalIndexerApi':
Module 'Magento_InventoryProductAlert':
Module 'Magento_InventoryQuoteGraphQl':
Module 'Magento_InventoryRequisitionList':
Module 'Magento_InventoryReservations':
Module 'Magento_InventoryReservationCli':
Module 'Magento_InventoryReservationsApi':
Module 'Magento_InventoryExportStock':
Module 'Magento_InventorySalesAdminUi':
Module 'Magento_InventorySalesAsyncOrder':
Module 'Magento_InventorySalesFrontendUi':
Module 'Magento_InventorySetupFixtureGenerator':
Module 'Magento_InventoryShipping':
Module 'Magento_InventoryShippingAdminUi':
Module 'Magento_InventorySourceDeductionApi':
Module 'Magento_InventorySourceSelection':
Module 'Magento_InventoryInStorePickupFrontend':
Module 'Magento_InventorySwatchesFrontendUi':
Module 'Magento_InventoryVisualMerchandiser':
Module 'Magento_InventoryWishlist':
Module 'Magento_JwtFrameworkAdapter':
Module 'Magento_JwtUserToken':
Module 'Magento_LayeredNavigation':
Module 'Magento_LoginAsCustomer':
Module 'Magento_LoginAsCustomerAdminUi':
Module 'Magento_LoginAsCustomerApi':
Module 'Magento_LoginAsCustomerAssistance':
Module 'Magento_LoginAsCustomerFrontendUi':
Module 'Magento_LoginAsCustomerGraphQl':
Module 'Magento_LoginAsCustomerLog':
Module 'Magento_LoginAsCustomerPageCache':
Module 'Magento_LoginAsCustomerQuote':
Module 'Magento_LoginAsCustomerSales':
Module 'Magento_MediaContent':
Module 'Magento_MediaContentApi':
Module 'Magento_MediaContentCatalog':
Module 'Magento_MediaContentCms':
Module 'Magento_MediaContentSynchronization':
Module 'Magento_MediaContentSynchronizationApi':
Module 'Magento_MediaContentSynchronizationCatalog':
Module 'Magento_MediaContentSynchronizationCms':
Module 'Magento_MediaGalleryApi':
Module 'Magento_MediaGalleryCatalog':
Module 'Magento_MediaGalleryCatalogIntegration':
Module 'Magento_MediaGalleryCatalogUi':
Module 'Magento_MediaGalleryCmsUi':
Module 'Magento_MediaGalleryIntegration':
Module 'Magento_MediaGalleryMetadata':
Module 'Magento_MediaGalleryMetadataApi':
Module 'Magento_MediaGalleryRenditions':
Module 'Magento_MediaGalleryRenditionsApi':
Module 'Magento_MediaGallerySynchronization':
Module 'Magento_MediaGallerySynchronizationApi':
Module 'Magento_MediaGallerySynchronizationMetadata':
Module 'Magento_MediaGalleryUiApi':
Module 'Magento_CatalogWidget':
Module 'Magento_MessageQueue':
Module 'Magento_ConfigurableImportExport':
Module 'Magento_MsrpConfigurableProduct':
Module 'Magento_MsrpGroupedProduct':
Module 'Magento_InventoryInStorePickupMultishipping':
Module 'Magento_MysqlMq':
Module 'Magento_Newsletter':
Module 'Magento_OfflinePayments':
Module 'Magento_SalesRule':
Module 'Magento_Sitemap':
Module 'Magento_PageBuilder':
Module 'Magento_PageBuilderAnalytics':
Module 'Magento_PaymentGraphQl':
Module 'Magento_Vault':
Module 'Magento_Persistent':
Module 'Magento_ProductAlert':
Module 'Magento_ProductVideo':
Module 'Magento_CheckoutAgreements':
Module 'Magento_QuoteBundleOptions':
Module 'Magento_QuoteConfigurableOptions':
Module 'Magento_QuoteDownloadableLinks':
Module 'Magento_InventoryConfigurableProductAdminUi':
Module 'Magento_ReCaptchaAdminUi':
Module 'Magento_ReCaptchaCheckout':
Module 'Magento_ReCaptchaCheckoutSalesRule':
Module 'Magento_ReCaptchaContact':
Module 'Magento_ReCaptchaCustomer':
Module 'Magento_ReCaptchaFrontendUi':
Module 'Magento_ReCaptchaMigration':
Module 'Magento_ReCaptchaNewsletter':
Module 'Magento_ReCaptchaReview':
Module 'Magento_ReCaptchaSendFriend':
Module 'Magento_ReCaptchaStorePickup':
Module 'Magento_ReCaptchaUi':
Module 'Magento_ReCaptchaUser':
Module 'Magento_ReCaptchaValidation':
Module 'Magento_ReCaptchaValidationApi':
Module 'Magento_ReCaptchaVersion2Checkbox':
Module 'Magento_ReCaptchaVersion2Invisible':
Module 'Magento_ReCaptchaVersion3Invisible':
Module 'Magento_ReCaptchaWebapiApi':
Module 'Magento_ReCaptchaWebapiGraphQl':
Module 'Magento_ReCaptchaWebapiRest':
Module 'Magento_ReCaptchaWebapiUi':
Module 'Magento_ReleaseNotification':
Module 'Magento_RemoteStorage':
Module 'Magento_InventoryLowQuantityNotificationAdminUi':
Module 'Magento_RequireJs':
Module 'Magento_Review':
Module 'Magento_Rss':
Module 'Magento_PageBuilderAdminAnalytics':
Module 'Magento_CatalogRuleConfigurable':
Module 'Magento_SalesAnalytics':
Module 'Magento_SalesInventory':
Module 'Magento_OfflineShipping':
Module 'Magento_ConfigurableProductSales':
Module 'Magento_UrlRewrite':
Module 'Magento_CustomerAnalytics':
Module 'Magento_Securitytxt':
Module 'Magento_InventoryInStorePickupSalesAdminUi':
Module 'Magento_AwsS3PageBuilder':
Module 'Magento_Swatches':
Module 'Magento_SwatchesLayeredNavigation':
Module 'Magento_Tax':
Module 'Magento_Translation':
Module 'Magento_GoogleOptimizer':
Module 'Magento_AsynchronousOperations':
Module 'Magento_InventoryConfigurableProductFrontendUi':
Module 'Magento_Version':
Module 'Magento_InventoryInStorePickupWebapiExtension':
Module 'Magento_WebapiAsync':
Module 'Magento_WebapiSecurity':
Module 'Magento_Weee':
Module 'Magento_WeeeGraphQl':
Module 'Magento_CurrencySymbol':
Module 'Magento_Wishlist':
Module 'Magento_WishlistAnalytics':
Module 'Amasty_AdminActionsLog':
Module 'Amasty_AdvancedMSI':
Module 'Amasty_Amp':
Module 'Amasty_Base':
Module 'Amasty_BannersLite':
Module 'Amasty_BannerSlider':
Module 'Amasty_Blog':
Module 'Amasty_ReportBuilder':
Module 'Amasty_CancelOrder':
Module 'Amasty_Geoip':
Module 'Amasty_Conditions':
Module 'Amasty_CommonRules':
Module 'Amasty_Conf':
Module 'Amasty_CronSchedule':
Module 'Amasty_CronScheduleList':
Module 'Amasty_CronScheduler':
Module 'Amasty_CustomButton':
Module 'Amasty_CustomFormsLite':
Module 'Amasty_PromoCountdown':
Module 'Amasty_Customform':
Module 'Amasty_EmailUnsubscribe':
Module 'Amasty_ImportExportCore':
Module 'Amasty_ExportCore':
Module 'Amasty_Flags':
Module 'Amasty_GiftCard':
Module 'Amasty_GiftCardAccount':
Module 'Amasty_GiftCardPro':
Module 'Amasty_GiftCardProFunctionality':
Module 'Amasty_GoogleAccountLogin':
Module 'Amasty_GoogleAddressAutocomplete':
Module 'Amasty_GroupAssign':
Module 'Amasty_Groupcat':
Module 'Amasty_ImportCore':
Module 'Amasty_ExportPro':
Module 'Amasty_ImportPro':
Module 'Amasty_InventoryExportEntity':
Module 'Amasty_InvisibleCaptcha':
Module 'Amasty_Label':
Module 'Amasty_LabelCacheCleanerForQtyVariable':
Module 'Amasty_Number':
Module 'Amasty_Oaction':
Module 'Amasty_Perm':
Module 'Amasty_OrderExportEntity':
Module 'Amasty_OrderImportEntity':
Module 'Amasty_OrderImport':
Module 'Amasty_OrderStatus':
Module 'Amasty_Orderarchive':
Module 'Amasty_Orderattr':
Module 'Amasty_Payrestriction':
Module 'Amasty_Ogrid':
Module 'Amasty_Pgrid':
Module 'Amasty_Preorder':
Module 'Amasty_ProductStatusPremium':
Module 'Amasty_Promo':
Module 'Amasty_PromoBanners':
Module 'Amasty_PromoBannersProPackage':
Module 'Amasty_Reindex':
Module 'Amasty_BlogProToBuilder':
Module 'Amasty_Reports':
Module 'Amasty_ReportsLite':
Module 'Amasty_RequestQuote':
Module 'Amasty_Rgrid':
Module 'Amasty_Rules':
Module 'Amasty_RulesPro':
Module 'Amasty_SalesRuleWizard':
Module 'Amasty_SecurityAuth':
Module 'Amasty_SeoHtmlSitemap':
Module 'Amasty_SeoSingleUrl':
Module 'Amasty_SeoToolkitLite':
Module 'Amasty_ShippingArea':
Module 'Amasty_ShippingBar':
Module 'Amasty_ShippingSuitePro':
Module 'Amasty_ShippingTableRates':
Module 'Amasty_Shiprestriction':
Module 'Amasty_Shiprules':
Module 'Amasty_CustomStockStatusTimer':
Module 'Amasty_StoreCredit':
Module 'Amasty_Storelocator':
Module 'Amasty_StorePickupWithLocator':
Module 'Amasty_StorelocatorIndexer':
Module 'Amasty_ThankYouPage':
Module 'Amasty_Xnotif':
Module 'Compat_AmastyRequestQuote':
Module 'Compat_CspShim':
Module 'Compat_UrlBuilderFix':
Module 'Custom_ConfigurableFix':
Module 'Mageplaza_Core':
Module 'Mab_AlgeriaProducts':
Module 'Mageplaza_TableRateShipping':
Module 'Mab_Core':
Module 'Mab_DeliveryOptions':
Module 'Mab_ElasticsearchFix':
Module 'Mab_GuestFix':
Module 'Mab_License':
Module 'Mab_SourceSelector':
Module 'Mab_Theme':
Module 'Mab_VisualEffects':
Module 'MageWorx_Info':
Module 'MageWorx_OrdersBase':
Module 'MageWorx_OrderEditor':
Module 'MageWorx_OrdersGrid':
Module 'Magefan_Community':
Module 'Magefan_BlogGraphQl':
Module 'Magefan_AdminUserGuide':
Module 'Magefan_RocketJavaScript':
Module 'Magefan_SpeedOptimization':
Module 'Magefan_WysiwygAdvanced':
Module 'Mab_CheckoutCustomization':
Module 'Mirasvit_Core':
Module 'Mirasvit_Report':
Module 'Mirasvit_Rma':
Module 'Sm_AttributesSearch':
Module 'Sm_AutoCompleteSearch':
Module 'Sm_BackEnd':
Module 'Sm_BundleImage':
Module 'Sm_CartQuickPro':
Module 'Sm_Categories':
Module 'Sm_DegreeView':
Module 'Sm_FilterProducts':
Module 'Sm_ListingTabs':
Module 'Sm_Market':
Module 'Sm_MegaMenu':
Module 'Sm_SearchBox':
Module 'Sm_ShopBy':
Module 'Sm_SizeChart':
Module 'Sm_Themecore':
Module 'Tawk_Widget':
Module 'Xtento_PdfCustomizer':
Module 'Xtento_XtCore':
Module 'Yireo_GoogleTagManager2':
Data post-updates:
Module 'Magento_Store':
Module 'Magento_Config':
Module 'Magento_AdminAnalytics':
Module 'Magento_AdminNotification':
Module 'Magento_MediaGallery':
Module 'Magento_Directory':
Module 'Magento_AdvancedPricingImportExport':
Module 'Magento_Theme':
Running data recurring...
Module 'Magento_Amqp':
Module 'Magento_Backend':
Module 'Magento_User':
Module 'Magento_Authorization':
Module 'Magento_Eav':
Module 'Magento_Customer':
Running data recurring...
Module 'Magento_Backup':
Module 'Magento_Indexer':
Module 'Magento_BundleImportExport':
Module 'Magento_CacheInvalidate':
Module 'Magento_Variable':
Module 'Magento_Cms':
Module 'Magento_Rule':
Module 'Magento_Security':
Module 'Magento_Search':
Module 'Magento_CatalogImportExport':
Module 'Magento_Catalog':
Module 'Magento_CatalogInventory':
Module 'Magento_CatalogPageBuilderAnalytics':
Module 'Magento_CatalogRule':
Module 'Magento_Msrp':
Module 'Magento_CatalogSearch':
Module 'Magento_CatalogUrlRewrite':
Module 'Magento_MediaStorage':
Module 'Magento_Quote':
Module 'Magento_SalesSequence':
Running data recurring...
Module 'Magento_MediaGalleryUi':
Module 'Magento_CmsPageBuilderAnalytics':
Module 'Magento_CmsUrlRewrite':
Module 'Magento_CompareListGraphQl':
Module 'Magento_Integration':
Module 'Magento_Payment':
Module 'Magento_Sales':
Module 'Magento_Checkout':
Module 'Magento_Contact':
Module 'Magento_Cookie':
Module 'Magento_Cron':
Module 'Magento_Widget':
Module 'Magento_Robots':
Module 'Magento_Analytics':
Module 'Magento_Downloadable':
Module 'Magento_CustomerImportExport':
Module 'Magento_Deploy':
Module 'Magento_Developer':
Module 'Magento_AdvancedSearch':
Module 'Magento_ImportExport':
Module 'Magento_Bundle':
Module 'Magento_Elasticsearch':
Module 'Magento_Elasticsearch7':
Module 'Magento_Email':
Module 'Magento_EncryptionKey':
Module 'Magento_GiftMessage':
Module 'Magento_GoogleAdwords':
Module 'Magento_GoogleAnalytics':
Module 'Magento_GoogleGtag':
Module 'Magento_Ui':
Module 'Magento_PageCache':
Module 'Magento_GroupedProduct':
Module 'Magento_GroupedImportExport':
Module 'Magento_GroupedCatalogInventory':
Module 'Magento_DownloadableImportExport':
Module 'Magento_Captcha':
Module 'Magento_InstantPurchase':
Module 'Magento_Inventory':
Module 'Magento_InventoryAdminUi':
Module 'Magento_InventoryAdvancedCheckout':
Module 'Magento_InventoryApi':
Module 'Magento_InventoryBundleImportExport':
Module 'Magento_InventoryBundleProduct':
Module 'Magento_InventoryBundleProductAdminUi':
Module 'Magento_InventoryBundleProductIndexer':
Module 'Magento_InventoryCatalog':
Module 'Magento_InventorySales':
Module 'Magento_InventoryCatalogAdminUi':
Module 'Magento_InventoryCatalogApi':
Module 'Magento_InventoryCatalogFrontendUi':
Module 'Magento_InventoryCatalogSearch':
Module 'Magento_InventoryCatalogSearchBundleProduct':
Module 'Magento_InventoryCatalogSearchConfigurableProduct':
Module 'Magento_ConfigurableProduct':
Module 'Magento_InventoryConfigurableProduct':
Module 'Magento_InventoryConfigurableProductIndexer':
Module 'Magento_InventoryConfiguration':
Module 'Magento_InventoryConfigurationApi':
Module 'Magento_InventoryDistanceBasedSourceSelection':
Module 'Magento_InventoryDistanceBasedSourceSelectionAdminUi':
Module 'Magento_InventoryDistanceBasedSourceSelectionApi':
Module 'Magento_InventoryElasticsearch':
Module 'Magento_InventoryExportStockApi':
Module 'Magento_InventoryIndexer':
Module 'Magento_InventorySalesApi':
Module 'Magento_InventoryGroupedProduct':
Module 'Magento_InventoryGroupedProductAdminUi':
Module 'Magento_InventoryGroupedProductIndexer':
Module 'Magento_InventoryImportExport':
Module 'Magento_InventoryInStorePickupApi':
Module 'Magento_InventoryInStorePickupAdminUi':
Module 'Magento_InventorySourceSelectionApi':
Module 'Magento_InventoryInStorePickup':
Module 'Magento_Shipping':
Module 'Magento_InventoryInStorePickupShippingApi':
Module 'Magento_InventoryInStorePickupSales':
Module 'Magento_InventoryInStorePickupSalesApi':
Module 'Magento_InventoryInStorePickupQuote':
Module 'Magento_InventoryInStorePickupShipping':
Module 'Magento_InventoryInStorePickupShippingAdminUi':
Module 'Magento_Multishipping':
Module 'Magento_Webapi':
Module 'Magento_InventoryCache':
Module 'Magento_InventoryLowQuantityNotification':
Module 'Magento_Reports':
Module 'Magento_InventoryLowQuantityNotificationApi':
Module 'Magento_InventoryMultiDimensionalIndexerApi':
Module 'Magento_InventoryProductAlert':
Module 'Magento_InventoryQuoteGraphQl':
Module 'Magento_InventoryRequisitionList':
Module 'Magento_InventoryReservations':
Module 'Magento_InventoryReservationCli':
Module 'Magento_InventoryReservationsApi':
Module 'Magento_InventoryExportStock':
Module 'Magento_InventorySalesAdminUi':
Module 'Magento_InventorySalesAsyncOrder':
Module 'Magento_InventorySalesFrontendUi':
Module 'Magento_InventorySetupFixtureGenerator':
Module 'Magento_InventoryShipping':
Module 'Magento_InventoryShippingAdminUi':
Module 'Magento_InventorySourceDeductionApi':
Module 'Magento_InventorySourceSelection':
Module 'Magento_InventoryInStorePickupFrontend':
Module 'Magento_InventorySwatchesFrontendUi':
Module 'Magento_InventoryVisualMerchandiser':
Module 'Magento_InventoryWishlist':
Module 'Magento_JwtFrameworkAdapter':
Module 'Magento_JwtUserToken':
Module 'Magento_LayeredNavigation':
Module 'Magento_LoginAsCustomer':
Module 'Magento_LoginAsCustomerAdminUi':
Module 'Magento_LoginAsCustomerApi':
Module 'Magento_LoginAsCustomerAssistance':
Module 'Magento_LoginAsCustomerFrontendUi':
Module 'Magento_LoginAsCustomerGraphQl':
Module 'Magento_LoginAsCustomerLog':
Module 'Magento_LoginAsCustomerPageCache':
Module 'Magento_LoginAsCustomerQuote':
Module 'Magento_LoginAsCustomerSales':
Module 'Magento_MediaContent':
Module 'Magento_MediaContentApi':
Module 'Magento_MediaContentCatalog':
Module 'Magento_MediaContentCms':
Module 'Magento_MediaContentSynchronization':
Module 'Magento_MediaContentSynchronizationApi':
Module 'Magento_MediaContentSynchronizationCatalog':
Module 'Magento_MediaContentSynchronizationCms':
Module 'Magento_MediaGalleryApi':
Module 'Magento_MediaGalleryCatalog':
Module 'Magento_MediaGalleryCatalogIntegration':
Module 'Magento_MediaGalleryCatalogUi':
Module 'Magento_MediaGalleryCmsUi':
Module 'Magento_MediaGalleryIntegration':
Module 'Magento_MediaGalleryMetadata':
Module 'Magento_MediaGalleryMetadataApi':
Module 'Magento_MediaGalleryRenditions':
Module 'Magento_MediaGalleryRenditionsApi':
Module 'Magento_MediaGallerySynchronization':
Module 'Magento_MediaGallerySynchronizationApi':
Module 'Magento_MediaGallerySynchronizationMetadata':
Module 'Magento_MediaGalleryUiApi':
Module 'Magento_CatalogWidget':
Module 'Magento_MessageQueue':
Module 'Magento_ConfigurableImportExport':
Module 'Magento_MsrpConfigurableProduct':
Module 'Magento_MsrpGroupedProduct':
Module 'Magento_InventoryInStorePickupMultishipping':
Module 'Magento_MysqlMq':
Module 'Magento_Newsletter':
Module 'Magento_OfflinePayments':
Module 'Magento_SalesRule':
Module 'Magento_Sitemap':
Module 'Magento_PageBuilder':
Module 'Magento_PageBuilderAnalytics':
Module 'Magento_PaymentGraphQl':
Module 'Magento_Vault':
Module 'Magento_Persistent':
Module 'Magento_ProductAlert':
Module 'Magento_ProductVideo':
Module 'Magento_CheckoutAgreements':
Module 'Magento_QuoteBundleOptions':
Module 'Magento_QuoteConfigurableOptions':
Module 'Magento_QuoteDownloadableLinks':
Module 'Magento_InventoryConfigurableProductAdminUi':
Module 'Magento_ReCaptchaAdminUi':
Module 'Magento_ReCaptchaCheckout':
Module 'Magento_ReCaptchaCheckoutSalesRule':
Module 'Magento_ReCaptchaContact':
Module 'Magento_ReCaptchaCustomer':
Module 'Magento_ReCaptchaFrontendUi':
Module 'Magento_ReCaptchaMigration':
Module 'Magento_ReCaptchaNewsletter':
Module 'Magento_ReCaptchaReview':
Module 'Magento_ReCaptchaSendFriend':
Module 'Magento_ReCaptchaStorePickup':
Module 'Magento_ReCaptchaUi':
Module 'Magento_ReCaptchaUser':
Module 'Magento_ReCaptchaValidation':
Module 'Magento_ReCaptchaValidationApi':
Module 'Magento_ReCaptchaVersion2Checkbox':
Module 'Magento_ReCaptchaVersion2Invisible':
Module 'Magento_ReCaptchaVersion3Invisible':
Module 'Magento_ReCaptchaWebapiApi':
Module 'Magento_ReCaptchaWebapiGraphQl':
Module 'Magento_ReCaptchaWebapiRest':
Module 'Magento_ReCaptchaWebapiUi':
Module 'Magento_ReleaseNotification':
Module 'Magento_RemoteStorage':
Module 'Magento_InventoryLowQuantityNotificationAdminUi':
Module 'Magento_RequireJs':
Module 'Magento_Review':
Module 'Magento_Rss':
Module 'Magento_PageBuilderAdminAnalytics':
Module 'Magento_CatalogRuleConfigurable':
Module 'Magento_SalesAnalytics':
Module 'Magento_SalesInventory':
Module 'Magento_OfflineShipping':
Module 'Magento_ConfigurableProductSales':
Module 'Magento_UrlRewrite':
Module 'Magento_CustomerAnalytics':
Module 'Magento_Securitytxt':
Module 'Magento_InventoryInStorePickupSalesAdminUi':
Module 'Magento_AwsS3PageBuilder':
Module 'Magento_Swatches':
Module 'Magento_SwatchesLayeredNavigation':
Module 'Magento_Tax':
Module 'Magento_Translation':
Module 'Magento_GoogleOptimizer':
Module 'Magento_AsynchronousOperations':
Module 'Magento_InventoryConfigurableProductFrontendUi':
Module 'Magento_Version':
Module 'Magento_InventoryInStorePickupWebapiExtension':
Module 'Magento_WebapiAsync':
Module 'Magento_WebapiSecurity':
Module 'Magento_Weee':
Module 'Magento_WeeeGraphQl':
Module 'Magento_CurrencySymbol':
Module 'Magento_Wishlist':
Module 'Magento_WishlistAnalytics':
Module 'Amasty_AdminActionsLog':
Running data recurring...
Module 'Amasty_AdvancedMSI':
Module 'Amasty_Amp':
Module 'Amasty_Base':
Running data recurring...
Module 'Amasty_BannersLite':
Module 'Amasty_BannerSlider':
Module 'Amasty_Blog':
Module 'Amasty_ReportBuilder':
Module 'Amasty_CancelOrder':
Module 'Amasty_Geoip':
Module 'Amasty_Conditions':
Module 'Amasty_CommonRules':
Module 'Amasty_Conf':
Module 'Amasty_CronSchedule':
Module 'Amasty_CronScheduleList':
Module 'Amasty_CronScheduler':
Module 'Amasty_CustomButton':
Module 'Amasty_CustomFormsLite':
Module 'Amasty_PromoCountdown':
Module 'Amasty_Customform':
Module 'Amasty_EmailUnsubscribe':
Module 'Amasty_ImportExportCore':
Module 'Amasty_ExportCore':
Module 'Amasty_Flags':
Module 'Amasty_GiftCard':
Module 'Amasty_GiftCardAccount':
Module 'Amasty_GiftCardPro':
Running data recurring...
Module 'Amasty_GiftCardProFunctionality':
Module 'Amasty_GoogleAccountLogin':
Module 'Amasty_GoogleAddressAutocomplete':
Module 'Amasty_GroupAssign':
Module 'Amasty_Groupcat':
Running data recurring...
Module 'Amasty_ImportCore':
Module 'Amasty_ExportPro':
Module 'Amasty_ImportPro':
Module 'Amasty_InventoryExportEntity':
Module 'Amasty_InvisibleCaptcha':
Module 'Amasty_Label':
Module 'Amasty_LabelCacheCleanerForQtyVariable':
Module 'Amasty_Number':
Module 'Amasty_Oaction':
Module 'Amasty_Perm':
Module 'Amasty_OrderExportEntity':
Module 'Amasty_OrderImportEntity':
Module 'Amasty_OrderImport':
Module 'Amasty_OrderStatus':
Module 'Amasty_Orderarchive':
Module 'Amasty_Orderattr':
Running data recurring...
Module 'Amasty_Payrestriction':
Module 'Amasty_Ogrid':
Module 'Amasty_Pgrid':
Module 'Amasty_Preorder':
Module 'Amasty_ProductStatusPremium':
Module 'Amasty_Promo':
Module 'Amasty_PromoBanners':
Module 'Amasty_PromoBannersProPackage':
Module 'Amasty_Reindex':
Module 'Amasty_BlogProToBuilder':
Module 'Amasty_Reports':
Module 'Amasty_ReportsLite':
Module 'Amasty_RequestQuote':
Module 'Amasty_Rgrid':
Module 'Amasty_Rules':
Module 'Amasty_RulesPro':
Module 'Amasty_SalesRuleWizard':
Module 'Amasty_SecurityAuth':
Module 'Amasty_SeoHtmlSitemap':
Module 'Amasty_SeoSingleUrl':
Module 'Amasty_SeoToolkitLite':
Module 'Amasty_ShippingArea':
Module 'Amasty_ShippingBar':
Module 'Amasty_ShippingSuitePro':
Module 'Amasty_ShippingTableRates':
Module 'Amasty_Shiprestriction':
Module 'Amasty_Shiprules':
Module 'Amasty_CustomStockStatusTimer':
Module 'Amasty_StoreCredit':
Module 'Amasty_Storelocator':
Running data recurring...
Module 'Amasty_StorePickupWithLocator':
Module 'Amasty_StorelocatorIndexer':
Module 'Amasty_ThankYouPage':
Module 'Amasty_Xnotif':
Module 'Compat_AmastyRequestQuote':
Module 'Compat_CspShim':
Module 'Compat_UrlBuilderFix':
Module 'Custom_ConfigurableFix':
Module 'Mageplaza_Core':
Module 'Mab_AlgeriaProducts':
Module 'Mageplaza_TableRateShipping':
Module 'Mab_Core':
Module 'Mab_DeliveryOptions':
Module 'Mab_ElasticsearchFix':
Module 'Mab_GuestFix':
Module 'Mab_License':
Module 'Mab_SourceSelector':
Module 'Mab_Theme':
Module 'Mab_VisualEffects':
Module 'MageWorx_Info':
Module 'MageWorx_OrdersBase':
Module 'MageWorx_OrderEditor':
Module 'MageWorx_OrdersGrid':
Module 'Magefan_Community':
Module 'Magefan_BlogGraphQl':
Module 'Magefan_AdminUserGuide':
Module 'Magefan_RocketJavaScript':
Module 'Magefan_SpeedOptimization':
Module 'Magefan_WysiwygAdvanced':
Module 'Mab_CheckoutCustomization':
Module 'Mirasvit_Core':
Module 'Mirasvit_Report':
Module 'Mirasvit_Rma':
Module 'Sm_AttributesSearch':
Module 'Sm_AutoCompleteSearch':
Module 'Sm_BackEnd':
Module 'Sm_BundleImage':
Module 'Sm_CartQuickPro':
Module 'Sm_Categories':
Module 'Sm_DegreeView':
Module 'Sm_FilterProducts':
Module 'Sm_ListingTabs':
Module 'Sm_Market':
Module 'Sm_MegaMenu':
Module 'Sm_SearchBox':
Module 'Sm_ShopBy':
Module 'Sm_SizeChart':
Module 'Sm_Themecore':
Module 'Tawk_Widget':
Module 'Xtento_PdfCustomizer':
Module 'Xtento_XtCore':
Module 'Yireo_GoogleTagManager2':
Enabling caches:
Current status:
layout: 1
block_html: 1
full_page: 1
Nothing to import.
Please re-run Magento compile command. Use the command "setup:di:compile"
Media files stored outside of 'Media Gallery Allowed' folders will not be available to the media gallery.
Please refer to Developer Guide for more details.
[2026-03-30 20:36:34] [INFO] Compiling DI...
/home/technadminy7/.bashrc: line 13: ulimit: max memory size: cannot modify limit: Operation not permitted
/home/technadminy7/.bashrc: line 15: ulimit: open files: cannot modify limit: Operation not permitted
Compilation was started.
%message% 0/9 [>---------------------------]   0% < 1 sec 44.0 MiBProxies code generation... 0/9 [>------------------------]   0% < 1 sec 44.0 MiB
Proxies code generation... 1/9 [==>----------------------]  11% 1 sec 48.0 MiB
Repositories code generation... 1/9 [==>-------------------]  11% 1 sec 48.0 MiB
Repositories code generation... 2/9 [====>--------------]  22% 16 secs 116.0 MiB
Service data attributes generation... 2/9 [==>----------]  22% 16 secs 116.0 MiB
Service data attributes generation... 3/9 [====>--------]  33% 16 secs 116.0 MiB
Application code generator... 3/9 [====>--------]  33% 16 secs 116.0 MiB
Application code generator... 4/9 [=====>-------]  44% 22 secs 134.0 MiB
Interceptors generation... 4/9 [=====>-------]  44% 22 secs 134.0 MiB
mmap() failed: [12] Cannot allocate memory

mmap() failed: [12] Cannot allocate memory
[2026-03-30 20:37:06] [INFO] Deploying static content (French)...
/home/technadminy7/.bashrc: line 13: ulimit: max memory size: cannot modify limit: Operation not permitted
/home/technadminy7/.bashrc: line 15: ulimit: open files: cannot modify limit: Operation not permitted

Deploy using quick strategy
frontend/Magento/blank/fr_FR            0/2896              >--------------------------- 0%     < 1 sec
[1A[2Kfrontend/Magento/blank/fr_FR            2/2896              >--------------------------- 0%     1 sec
[1A[2Kfrontend/Magento/blank/fr_FR            326/2896            ===>------------------------ 11%    2 secs
[1A[2Kfrontend/Magento/blank/fr_FR            650/2896            ======>--------------------- 22%    3 secs
[1A[2Kfrontend/Magento/blank/fr_FR            1642/2896           ===============>------------ 56%    4 secs
[1A[2Kfrontend/Magento/blank/fr_FR            1990/2896           ===================>-------- 68%    5 secs
[1A[2Kfrontend/Magento/blank/fr_FR            2480/2896           =======================>---- 85%    6 secs
[1A[2Kfrontend/Magento/blank/fr_FR            2561/2896           ========================>--- 88%    7 secs
[1A[2Kfrontend/Magento/blank/fr_FR            2669/2896           =========================>-- 92%    8 secs
[1A[2Kfrontend/Magento/blank/fr_FR            2776/2896           ==========================>- 95%    9 secs
[1A[2Kfrontend/Magento/blank/fr_FR            2821/2896           ===========================> 97%    10 secs
[1A[2Kfrontend/Magento/blank/fr_FR            2822/2896           ===========================> 97%    11 secs
[1A[2Kfrontend/Magento/blank/fr_FR            2824/2896           ===========================> 97%    16 secs
[1A[2Kfrontend/Magento/blank/fr_FR            2896/2896           ============================ 100%   16 secs             
frontend/Sm/themecore/fr_FR             13/2918             >--------------------------- 0%     1 sec
[1A[2K[1A[2Kfrontend/Magento/blank/fr_FR            2896/2896           ============================ 100%   16 secs             
frontend/Sm/themecore/fr_FR             221/2918            ==>------------------------- 7%     2 secs
[1A[2K[1A[2Kfrontend/Magento/blank/fr_FR            2896/2896           ============================ 100%   16 secs             
frontend/Sm/themecore/fr_FR             530/2918            =====>---------------------- 18%    3 secs
[1A[2K[1A[2Kfrontend/Magento/blank/fr_FR            2896/2896           ============================ 100%   16 secs             
frontend/Sm/themecore/fr_FR             627/2918            ======>--------------------- 21%    4 secs
[1A[2K[1A[2Kfrontend/Magento/blank/fr_FR            2896/2896           ============================ 100%   16 secs             
frontend/Sm/themecore/fr_FR             1231/2918           ===========>---------------- 42%    5 secs
[1A[2K[1A[2Kfrontend/Magento/blank/fr_FR            2896/2896           ============================ 100%   16 secs             
frontend/Sm/themecore/fr_FR             1736/2918           ================>----------- 59%    6 secs
[1A[2K[1A[2Kfrontend/Magento/blank/fr_FR            2896/2896           ============================ 100%   16 secs             
frontend/Sm/themecore/fr_FR             2236/2918           =====================>------ 76%    7 secs
[1A[2K[1A[2Kfrontend/Magento/blank/fr_FR            2896/2896           ============================ 100%   16 secs             
frontend/Sm/themecore/fr_FR             2574/2918           ========================>--- 88%    8 secs
[1A[2K[1A[2Kfrontend/Magento/blank/fr_FR            2896/2896           ============================ 100%   16 secs             
frontend/Sm/themecore/fr_FR             2820/2918           ===========================> 96%    9 secs

mmap() failed: [12] Cannot allocate memory

mmap() failed: [12] Cannot allocate memory
[2026-03-30 20:37:33] [INFO] Flushing cache...
/home/technadminy7/.bashrc: line 13: ulimit: max memory size: cannot modify limit: Operation not permitted
/home/technadminy7/.bashrc: line 15: ulimit: open files: cannot modify limit: Operation not permitted
Flushed cache types:
config
layout
block_html
collections
reflection
db_ddl
compiled_config
eav
customer_notification
config_integration
config_integration_api
full_page
config_webservice
translate
amasty_blog
amasty_report_builder_scheme
mab_delivery
data_layer
[2026-03-30 20:37:36] [INFO] Fixing permissions...
[2026-03-30 20:38:15] [INFO] Post-deployment tasks complete

════════════════════════════════════════════════════════════════
  DEPLOYMENT SUMMARY
════════════════════════════════════════════════════════════════
[2026-03-30 20:38:15] [INFO] ━━━━━━━━━━━━━━━━━━━━━━━━━━━━━━━━━━━━━━━━━━━━━━━━━━━━━━━━━━━━
[2026-03-30 20:38:15] [INFO] ✅ Sessions 15-18 Deployment Complete!
[2026-03-30 20:38:15] [INFO] ━━━━━━━━━━━━━━━━━━━━━━━━━━━━━━━━━━━━━━━━━━━━━━━━━━━━━━━━━━━━
[2026-03-30 20:38:15] [INFO] 
[2026-03-30 20:38:15] [INFO] 📋 Deployment Details:
[2026-03-30 20:38:15] [INFO]   • Source: beta
[2026-03-30 20:38:15] [INFO]   • Target: production
[2026-03-30 20:38:15] [INFO]   • Timestamp: 2026-03-30 20:35:38
[2026-03-30 20:38:15] [INFO]   • Dry Run: false
[2026-03-30 20:38:15] [INFO] 
[2026-03-30 20:38:15] [INFO] 🎯 Deployed Features:
[2026-03-30 20:38:15] [INFO]   ✓ Session 15: Yalidine Parcel Grid API Integration
[2026-03-30 20:38:15] [INFO]   ✓ Session 16: Firebase Social Login SDK Refactor
[2026-03-30 20:38:15] [INFO]   ✓ Session 17: Redis Caching + Production Tools
[2026-03-30 20:38:15] [INFO]   ✓ Session 18: Monitoring & Health Check Tools
[2026-03-30 20:38:15] [INFO] 
[2026-03-30 20:38:15] [INFO] 📁 Log File: /home/dashboard/public_html/var/log/sessions_15_18_deployment_20260330_203538.log
[2026-03-30 20:38:15] [INFO] 
[2026-03-30 20:38:15] [INFO] 🧪 Next Steps:
[2026-03-30 20:38:15] [INFO]   1. Test admin parcel grid: https://production.technostationery.com/sysadminy/admin/yalidinecarrier/parcel/
[2026-03-30 20:38:15] [INFO]   2. Test Firebase login: https://production.technostationery.com/customer/account/login
[2026-03-30 20:38:15] [INFO]   3. Monitor cache: bash /home/technadminy7/public_html/monitor-cache.sh
[2026-03-30 20:38:15] [INFO]   4. Run health check: bash /home/technadminy7/public_html/health-check.sh
[2026-03-30 20:38:15] [INFO] 
[2026-03-30 20:38:15] [INFO] ━━━━━━━━━━━━━━━━━━━━━━━━━━━━━━━━━━━━━━━━━━━━━━━━━━━━━━━━━━━━
