
════════════════════════════════════════════════════════════════
  SESSION 15-18 DEPLOYMENT - VALIDATION
════════════════════════════════════════════════════════════════
[2026-03-30 20:33:56] [INFO] Source: /home/beta/public_html (beta)
[2026-03-30 20:33:56] [INFO] Target: /home/technadminy7/public_html (production)
[2026-03-30 20:33:56] [INFO] Dry Run: true
[2026-03-30 20:33:56] [INFO] Validation passed

════════════════════════════════════════════════════════════════
  SESSION 15: Yalidine Parcel Grid API Integration
════════════════════════════════════════════════════════════════

════════════════════════════════════════════════════════════════
  SESSION 16: Firebase Social Login SDK Refactor
════════════════════════════════════════════════════════════════

════════════════════════════════════════════════════════════════
  SESSION 17: Production Readiness Tools
════════════════════════════════════════════════════════════════

════════════════════════════════════════════════════════════════
  SESSION 18: Monitoring & Health Check Tools
════════════════════════════════════════════════════════════════

════════════════════════════════════════════════════════════════
  POST-DEPLOYMENT TASKS
════════════════════════════════════════════════════════════════

════════════════════════════════════════════════════════════════
  STARTING DEPLOYMENT
════════════════════════════════════════════════════════════════
[2026-03-30 20:33:56] [INFO] Deploying Session 15 changes...
[2026-03-30 20:33:56] [INFO] [DRY RUN] Would deploy: app/code/Mab/YalidineCarrier/Ui/DataProvider/ParcelApiDataProvider.php
[2026-03-30 20:33:56] [INFO] [DRY RUN] Would deploy: app/code/Mab/YalidineCarrier/etc/di.xml
[2026-03-30 20:33:56] [INFO] [DRY RUN] Would deploy: app/code/Mab/YalidineCarrier/view/adminhtml/ui_component/yalidinecarrier_parcel_listing.xml
[2026-03-30 20:33:56] [INFO] Session 15 deployment complete
[2026-03-30 20:33:56] [INFO] Deploying Session 16 changes...
[2026-03-30 20:33:56] [INFO] [DRY RUN] Would deploy: app/code/MiniOrange/FB/view/frontend/requirejs-config.js
[2026-03-30 20:33:56] [INFO] [DRY RUN] Would deploy: app/code/MiniOrange/FB/view/frontend/web/js/firebase-loader.js
[2026-03-30 20:33:56] [INFO] [DRY RUN] Would deploy: app/code/MiniOrange/FB/view/frontend/web/js/firebase-social-login.js
[2026-03-30 20:33:56] [INFO] Session 16 deployment complete
[2026-03-30 20:33:56] [INFO] Deploying Session 17 changes...
[2026-03-30 20:33:56] [INFO] [DRY RUN] Would deploy: app/code/Mab/YalidineCarrier/Model/YalidineApi.php
[2026-03-30 20:33:56] [INFO] [DRY RUN] Would deploy: app/code/Mab/YalidineCarrier/etc/adminhtml/system.xml
[2026-03-30 20:33:56] [INFO] [DRY RUN] Would deploy: app/code/Mab/YalidineCarrier/etc/config.xml
[2026-03-30 20:33:56] [INFO] [DRY RUN] Would deploy scripts: deploy.sh, monitor-cache.sh, health-check.sh
[2026-03-30 20:33:56] [INFO] Session 17 deployment complete
[2026-03-30 20:33:56] [INFO] Session 18 tools already deployed in Session 17
[2026-03-30 20:33:56] [INFO] Session 18 deployment complete
[2026-03-30 20:33:56] [INFO] Running post-deployment tasks...
[2026-03-30 20:33:56] [INFO] [DRY RUN] Would run post-deployment tasks

════════════════════════════════════════════════════════════════
  DEPLOYMENT SUMMARY
════════════════════════════════════════════════════════════════
[2026-03-30 20:33:56] [INFO] ━━━━━━━━━━━━━━━━━━━━━━━━━━━━━━━━━━━━━━━━━━━━━━━━━━━━━━━━━━━━
[2026-03-30 20:33:56] [INFO] ✅ Sessions 15-18 Deployment Complete!
[2026-03-30 20:33:56] [INFO] ━━━━━━━━━━━━━━━━━━━━━━━━━━━━━━━━━━━━━━━━━━━━━━━━━━━━━━━━━━━━
[2026-03-30 20:33:56] [INFO] 
[2026-03-30 20:33:56] [INFO] 📋 Deployment Details:
[2026-03-30 20:33:56] [INFO]   • Source: beta
[2026-03-30 20:33:56] [INFO]   • Target: production
[2026-03-30 20:33:56] [INFO]   • Timestamp: 2026-03-30 20:33:56
[2026-03-30 20:33:56] [INFO]   • Dry Run: true
[2026-03-30 20:33:56] [INFO] 
[2026-03-30 20:33:56] [INFO] 🎯 Deployed Features:
[2026-03-30 20:33:56] [INFO]   ✓ Session 15: Yalidine Parcel Grid API Integration
[2026-03-30 20:33:56] [INFO]   ✓ Session 16: Firebase Social Login SDK Refactor
[2026-03-30 20:33:56] [INFO]   ✓ Session 17: Redis Caching + Production Tools
[2026-03-30 20:33:56] [INFO]   ✓ Session 18: Monitoring & Health Check Tools
[2026-03-30 20:33:56] [INFO] 
[2026-03-30 20:33:56] [INFO] 📁 Log File: /home/dashboard/public_html/var/log/sessions_15_18_deployment_20260330_203356.log
[2026-03-30 20:33:56] [INFO] 
[2026-03-30 20:33:56] [INFO] 🧪 Next Steps:
[2026-03-30 20:33:56] [INFO]   1. Test admin parcel grid: https://production.technostationery.com/sysadminy/admin/yalidinecarrier/parcel/
[2026-03-30 20:33:56] [INFO]   2. Test Firebase login: https://production.technostationery.com/customer/account/login
[2026-03-30 20:33:56] [INFO]   3. Monitor cache: bash /home/technadminy7/public_html/monitor-cache.sh
[2026-03-30 20:33:56] [INFO]   4. Run health check: bash /home/technadminy7/public_html/health-check.sh
[2026-03-30 20:33:56] [INFO] 
[2026-03-30 20:33:56] [INFO] ━━━━━━━━━━━━━━━━━━━━━━━━━━━━━━━━━━━━━━━━━━━━━━━━━━━━━━━━━━━━
